// Jest Snapshot v1, https://goo.gl/fbAQLP

exports[`svg build should generate the expected component 1`] = `
"import * as React from 'react'
import propTypes from '@dhis2/prop-types'

function SvgAdd16({ color }) {
    return (
        <svg
            height={16}
            viewBox=\\"0 0 16 16\\"
            width={16}
            xmlns=\\"http://www.w3.org/2000/svg\\"
            color={color}
        >
            <path
                d=\\"M8 2a1 1 0 011 1v4h4a1 1 0 010 2H9v4a1 1 0 01-2 0V9H3a1 1 0 110-2h4V3a1 1 0 011-1z\\"
                fill=\\"currentColor\\"
                fillRule=\\"evenodd\\"
            />
        </svg>
    )
}

SvgAdd16.propTypes = {
    color: propTypes.string,
}
export default SvgAdd16
"
`;
